// Jest Snapshot v1, https://goo.gl/fbAQLP

exports[`model :: Player and Match re-requesting a player retrieves it from the db 1`] = `
Object {
  "result": Object {
    "data": Object {
      "player": Object {
        "id": "account.a36bed11ed214557b0ddef9ef1a56d07",
        "matches": Array [
          Object {
            "id": "5c971a59-7de4-4345-8ce7-b0b1cc77dceb",
          },
          Object {
            "id": "d7c2014a-6f35-42a1-b5c6-4b4d542a0f1f",
          },
          Object {
            "id": "2b5f7bc7-c89d-4269-a395-c778984a8ee2",
          },
          Object {
            "id": "6050693c-56af-4ebc-82a0-3c9f3230fcdd",
          },
          Object {
            "id": "a183c042-d0e9-471c-9935-ef8eb0b24057",
          },
          Object {
            "id": "e59b3ff5-1c29-4122-8b24-a529ebc0ec26",
          },
          Object {
            "id": "25ac8e67-8d6d-4aa7-8455-b7f17c6022e4",
          },
          Object {
            "id": "c950db48-0de8-41a4-bd81-a08c9d2285e0",
          },
          Object {
            "id": "c6a35f49-11e0-4909-9542-1ad1d8255317",
          },
          Object {
            "id": "c3d08e31-a651-427b-a343-82bea26eb2b0",
          },
        ],
        "name": "BreaK",
      },
    },
  },
  "statusCode": 200,
}
`;

exports[`model :: Player and Match requesting a player on a different shard updates the db 1`] = `
Object {
  "result": Object {
    "data": Object {
      "player": Object {
        "id": "account.a36bed11ed214557b0ddef9ef1a56d07",
        "matches": Array [
          Object {
            "id": "5a9b8063-83e0-47ca-97fb-66971b51b0a5",
          },
          Object {
            "id": "9b9b9fd8-c22c-41b3-98dc-2637d3afdad9",
          },
          Object {
            "id": "d306212f-35d9-42c9-9f60-3e07eef0bdf3",
          },
          Object {
            "id": "f3c0a343-4b5b-45f8-adb2-721de64d5b13",
          },
          Object {
            "id": "488ca186-7567-49a1-b01a-edaba9ba90f7",
          },
          Object {
            "id": "4099774a-a511-4137-8b22-a17384ccc794",
          },
          Object {
            "id": "5948d54e-77fa-4f4f-8385-05212c46af94",
          },
          Object {
            "id": "76d2233b-d11a-494f-8c14-e0eeb5abcfab",
          },
          Object {
            "id": "3054368d-f6dd-4baf-9489-112fe4684f69",
          },
          Object {
            "id": "77212321-9378-41e6-a2b7-bb3ba7516170",
          },
          Object {
            "id": "2d97da6e-c277-4ddf-83d5-6e7226a95ab4",
          },
          Object {
            "id": "f124e267-e53c-4208-97f4-06d05909d04d",
          },
          Object {
            "id": "4b039ba8-2f86-429a-9708-011e1c5a238e",
          },
          Object {
            "id": "b319016b-29fb-4b08-be72-1cc806cb5ac6",
          },
          Object {
            "id": "6a60ea4f-f20c-4beb-80d1-4e8ff6ed473c",
          },
          Object {
            "id": "fda8c9b1-31ad-4932-bbbc-0a5e4e2c97dd",
          },
          Object {
            "id": "53e44649-c39f-44bd-ab69-074c298a4300",
          },
          Object {
            "id": "1b23f9f9-0270-4524-a70b-6ef901247060",
          },
          Object {
            "id": "e9a8bc09-faa7-4252-b3e2-a79cd7f90905",
          },
          Object {
            "id": "d098afca-919d-4df4-aed7-e6f3baa63ecb",
          },
          Object {
            "id": "1ea5c130-e078-4808-85b2-2edf97f6ca0b",
          },
          Object {
            "id": "e1080f42-33f2-403d-8f05-d8049e5ba690",
          },
          Object {
            "id": "b5384080-89c0-42de-9f4d-6dcf9e2b1779",
          },
          Object {
            "id": "7cafabda-2341-4a4a-ac28-c94428cfcc03",
          },
          Object {
            "id": "44d5f453-5f48-4131-b96e-d9533e449111",
          },
          Object {
            "id": "b22d6f57-f1cf-47e4-977a-011137766bdd",
          },
          Object {
            "id": "794e7d32-1938-4b3c-8e98-2bb2f58cb733",
          },
        ],
        "name": "BreaK",
      },
    },
  },
  "statusCode": 200,
}
`;

exports[`model :: Player and Match retrieves new players from the PUBG api 1`] = `
Object {
  "result": Object {
    "data": Object {
      "player": Object {
        "id": "account.a36bed11ed214557b0ddef9ef1a56d07",
        "matches": Array [
          Object {
            "id": "5c971a59-7de4-4345-8ce7-b0b1cc77dceb",
          },
          Object {
            "id": "d7c2014a-6f35-42a1-b5c6-4b4d542a0f1f",
          },
          Object {
            "id": "2b5f7bc7-c89d-4269-a395-c778984a8ee2",
          },
          Object {
            "id": "6050693c-56af-4ebc-82a0-3c9f3230fcdd",
          },
          Object {
            "id": "a183c042-d0e9-471c-9935-ef8eb0b24057",
          },
          Object {
            "id": "e59b3ff5-1c29-4122-8b24-a529ebc0ec26",
          },
          Object {
            "id": "25ac8e67-8d6d-4aa7-8455-b7f17c6022e4",
          },
          Object {
            "id": "c950db48-0de8-41a4-bd81-a08c9d2285e0",
          },
          Object {
            "id": "c6a35f49-11e0-4909-9542-1ad1d8255317",
          },
          Object {
            "id": "c3d08e31-a651-427b-a343-82bea26eb2b0",
          },
        ],
        "name": "BreaK",
      },
    },
  },
  "statusCode": 200,
}
`;
