// Jest Snapshot v1, https://goo.gl/fbAQLP

exports[`model :: Player and Match re-requesting a player retrieves it from the db 1`] = `
Object {
  "result": Object {
    "data": Object {
      "player": Object {
        "id": "account.a36bed11ed214557b0ddef9ef1a56d07",
        "matches": Array [
          Object {
            "id": "84c27837-cf64-4588-8093-dbff07d6efa8",
          },
          Object {
            "id": "7e33af12-4bb0-4963-8ba2-2b62b45fc2f7",
          },
          Object {
            "id": "cae0f6d6-5328-43c8-9912-ff4d73390113",
          },
          Object {
            "id": "855ca76d-42ca-4860-ad46-692e2ae89f38",
          },
          Object {
            "id": "4d75956b-9110-420c-bd92-17d1eb359b39",
          },
          Object {
            "id": "07aceaa8-8c20-49ca-b523-6a8bd4e13524",
          },
          Object {
            "id": "201648ad-8d5a-4794-ae14-f7f4fb473ddf",
          },
          Object {
            "id": "05bab6df-0ab8-4358-87c9-409ee8f927ec",
          },
          Object {
            "id": "66b6866a-2fb7-4474-924e-3ee8c976e889",
          },
          Object {
            "id": "e4c477a8-640c-4912-8925-e0342bb5e8d1",
          },
          Object {
            "id": "db84024a-0078-4a2e-a40f-a9996d1dab64",
          },
          Object {
            "id": "7996fc51-bc51-4d72-92f5-0bb0d404484e",
          },
          Object {
            "id": "328effd5-5eb1-46b2-af3c-be32ffdbe369",
          },
        ],
        "name": "BreaK",
      },
    },
  },
  "statusCode": 200,
}
`;

exports[`model :: Player and Match requesting a player on a differnt shard updates the db 1`] = `
Object {
  "result": Object {
    "data": Object {
      "player": Object {
        "id": "account.a36bed11ed214557b0ddef9ef1a56d07",
        "matches": Array [
          Object {
            "id": "40e2bf41-ea94-4e4b-8038-50eac5fc34e1",
          },
          Object {
            "id": "7afc6c33-b4b1-4b0d-a4f9-3e20345358ab",
          },
          Object {
            "id": "7d18a380-7705-4294-833b-b3f7dce9179c",
          },
          Object {
            "id": "07fa73c2-09b2-4ee3-be2e-4fe3645088c8",
          },
          Object {
            "id": "dff6610a-8b59-4efd-8483-2cb7b2029b77",
          },
          Object {
            "id": "20440de6-6094-4e84-8e68-3d2d41716e6f",
          },
          Object {
            "id": "b20421df-9f06-48fe-800c-56490fc1da59",
          },
          Object {
            "id": "2d1d5af7-4017-4aa0-9939-4ed8c95bb91c",
          },
          Object {
            "id": "8a707b55-0b45-4bcd-ad6d-1bd43cb9ecdf",
          },
          Object {
            "id": "8ddaf6ed-3dfe-468b-b090-105e32aafad6",
          },
          Object {
            "id": "31f087dc-3cad-4d64-817c-00ba963eb209",
          },
          Object {
            "id": "fbf37ed2-1e3b-42ae-a2bb-f81456a8720e",
          },
          Object {
            "id": "a343b061-259d-430a-a794-c71d58d1c973",
          },
          Object {
            "id": "c609e339-3fe7-46f4-8441-d62931253b88",
          },
          Object {
            "id": "0fa926ed-dc0e-4114-9c2f-301f94afbb7f",
          },
          Object {
            "id": "fd2d8a98-bf68-4c11-918e-8e26a6e0a221",
          },
          Object {
            "id": "60b726f2-bece-432f-804b-e33839e8167b",
          },
          Object {
            "id": "600caff9-84a4-4784-b04a-3e97ee65f88b",
          },
          Object {
            "id": "54261163-ce02-40fd-9b21-a5fd1959601b",
          },
          Object {
            "id": "825b319c-9105-4f0a-b907-46313a5e69c7",
          },
          Object {
            "id": "8f7b6964-7401-41ea-bc02-9cc6b41c206c",
          },
          Object {
            "id": "8508e7d2-3d1d-486a-affb-94939fc3ee05",
          },
          Object {
            "id": "555e9b30-2edc-4486-9d82-16b21c3363cb",
          },
          Object {
            "id": "b0829545-4b3c-47f6-b796-3c74e01a9454",
          },
          Object {
            "id": "ace59d20-0eba-4f01-b354-4cd18fa0d13a",
          },
          Object {
            "id": "b54ff714-91c7-461c-a8d4-054e938507db",
          },
          Object {
            "id": "affdb980-f28a-43b2-80b7-a34a1e1dd08d",
          },
          Object {
            "id": "15af2b19-0fea-4285-bb25-3869abb4a1c2",
          },
          Object {
            "id": "e44a6cc0-bdc5-488d-a031-36b2f20eb7ed",
          },
          Object {
            "id": "6991a4fc-a280-4773-a773-0291e767fc4b",
          },
          Object {
            "id": "003eb66c-c1d2-441f-a2fb-a205daa939f9",
          },
          Object {
            "id": "25397194-080a-4046-bd66-3e809d014cf8",
          },
          Object {
            "id": "80c11cd0-4fcf-424d-a6de-d0c23957ff2e",
          },
          Object {
            "id": "97464bdd-26b9-460c-b9ef-48bd3c1a8bbc",
          },
          Object {
            "id": "2c8e4bc6-b1f6-4c2f-988d-3286d2adb44d",
          },
          Object {
            "id": "e34d6397-656e-4dd0-af22-f07815ce704d",
          },
          Object {
            "id": "8be19b6a-2fbe-4c68-b639-24a6299c4760",
          },
          Object {
            "id": "690fbc37-52f4-48c2-85eb-4a6cea7f81f2",
          },
          Object {
            "id": "9a2f6369-7f22-47a8-8d22-4e3ba522a607",
          },
          Object {
            "id": "3c6c8a79-e775-4da0-b300-14be5204ad79",
          },
          Object {
            "id": "fb2a82b9-71cc-40e7-9d4f-eb97a3e49988",
          },
          Object {
            "id": "68437562-af0f-4c1a-9066-3d984b83ba65",
          },
          Object {
            "id": "f3468355-9bf2-49bd-8244-956e69ae9e7b",
          },
        ],
        "name": "BreaK",
      },
    },
  },
  "statusCode": 200,
}
`;

exports[`model :: Player and Match retrieves match data from the PUBG api 1`] = `
Object {
  "result": Object {
    "data": Object {
      "match": Object {
        "durationSeconds": 1881,
        "gameMode": "duo-fpp",
        "id": "84c27837-cf64-4588-8093-dbff07d6efa8",
        "mapName": "Desert_Main",
        "playedAt": "Wed May 16 2018 23:58:57 GMT-0500 (CDT)",
        "players": Array [
          Object {
            "id": "account.06fffabdfd69416685b92f0d2dd36f50",
            "name": "DonkeyDingCSGO",
            "rosterId": "f1539547-9970-4e0b-901d-02d48be10067",
            "stats": Object {
              "DBNOs": 1,
              "kills": 0,
            },
          },
          Object {
            "id": "account.0d518a875d234e5d934bc767fded8c03",
            "name": "Jurik",
            "rosterId": "01eb2f0e-2acf-4b1f-9502-99c7d63ef392",
            "stats": Object {
              "DBNOs": 0,
              "kills": 0,
            },
          },
          Object {
            "id": "account.0e7335188f214de3898fab9897c4f576",
            "name": "Tamer1324",
            "rosterId": "7d6bdd7c-5bc2-4dd6-aff2-b79ac8def971",
            "stats": Object {
              "DBNOs": 1,
              "kills": 3,
            },
          },
          Object {
            "id": "account.0e95197fdbb64a0fbb9ee03541d63880",
            "name": "SFD989",
            "rosterId": "005530a8-b9c8-4fe0-b4bb-4481ed6aee52",
            "stats": Object {
              "DBNOs": 0,
              "kills": 0,
            },
          },
          Object {
            "id": "account.17e2fe374a3d4a40ac2873bdd2256aa0",
            "name": "LivyatanN",
            "rosterId": "18397c64-4869-4785-9753-d356b25c9bb6",
            "stats": Object {
              "DBNOs": 1,
              "kills": 0,
            },
          },
          Object {
            "id": "account.189cd16a582d4345ac79ca9210f00ea1",
            "name": "Erebus27",
            "rosterId": "d203c4c1-6c9c-4a8e-95bc-d85383f7491e",
            "stats": Object {
              "DBNOs": 0,
              "kills": 0,
            },
          },
          Object {
            "id": "account.1974e844033c412e96489a7a543292dd",
            "name": "buttdarts",
            "rosterId": "07be4777-13db-42b7-9519-59124e03477d",
            "stats": Object {
              "DBNOs": 1,
              "kills": 2,
            },
          },
          Object {
            "id": "account.215194269405477483efc1f72b481778",
            "name": "Upthereinair",
            "rosterId": "ef8f2e8c-c851-4735-be47-35a0a661ad5e",
            "stats": Object {
              "DBNOs": 0,
              "kills": 0,
            },
          },
          Object {
            "id": "account.2444a1719dab4583b8e2cad73fa2967a",
            "name": "ircolossal",
            "rosterId": "a7ab601e-003d-4c15-aa4a-1eff1e4fa5b1",
            "stats": Object {
              "DBNOs": 0,
              "kills": 0,
            },
          },
          Object {
            "id": "account.24bb02821e164cecb21844f8584c9170",
            "name": "gamingangsta",
            "rosterId": "a7ab601e-003d-4c15-aa4a-1eff1e4fa5b1",
            "stats": Object {
              "DBNOs": 0,
              "kills": 0,
            },
          },
          Object {
            "id": "account.26dc0fdbb555416d9c8db69ce9795c0f",
            "name": "flyinbacon",
            "rosterId": "a47d1b52-5250-431a-8d6a-a4498a74de06",
            "stats": Object {
              "DBNOs": 0,
              "kills": 0,
            },
          },
          Object {
            "id": "account.271cbee8fb264dd78102dba493a73cf1",
            "name": "Manuelg1984",
            "rosterId": "474f43ba-b45f-4dc2-9124-26f28c9843b3",
            "stats": Object {
              "DBNOs": 1,
              "kills": 1,
            },
          },
          Object {
            "id": "account.27dabd5252a54031ab0bb98017f18825",
            "name": "Evanblaze",
            "rosterId": "7d25e064-04c0-49ce-b55a-ef6a28e924b3",
            "stats": Object {
              "DBNOs": 1,
              "kills": 1,
            },
          },
          Object {
            "id": "account.2a864d91d79b406d8734dbf5637dd0f0",
            "name": "YouGotGreenz69",
            "rosterId": "3d1762e7-ba2e-4dae-a043-0460e17062aa",
            "stats": Object {
              "DBNOs": 1,
              "kills": 0,
            },
          },
          Object {
            "id": "account.2ead67db74c14dd284cce8175be6a6df",
            "name": "Poostacio",
            "rosterId": "fc7c73fd-53b9-4ad2-9632-8919f21e16f7",
            "stats": Object {
              "DBNOs": 0,
              "kills": 0,
            },
          },
          Object {
            "id": "account.351e77cfb4154e0bbc7fbba81b3c0bde",
            "name": "yagerzero",
            "rosterId": "4d496a63-1c67-4284-ab9d-f87684d6ef71",
            "stats": Object {
              "DBNOs": 1,
              "kills": 2,
            },
          },
          Object {
            "id": "account.3738ace538414852843cd1b33be576c0",
            "name": "osk1tar",
            "rosterId": "972a8f37-8d7a-4b17-8cba-7c0418ce9ca1",
            "stats": Object {
              "DBNOs": 1,
              "kills": 2,
            },
          },
          Object {
            "id": "account.37d622494b514cd7b79bf8c368b6f96d",
            "name": "Kitsch_Beach",
            "rosterId": "b1ff2898-8cac-4a3a-89fd-9825a03e0beb",
            "stats": Object {
              "DBNOs": 0,
              "kills": 0,
            },
          },
          Object {
            "id": "account.3b56e1c2cae740e7a97cd47907a86029",
            "name": "OsamaBinLagggin",
            "rosterId": "2fe9a19f-c896-4409-a45c-2ff4c7cfb009",
            "stats": Object {
              "DBNOs": 0,
              "kills": 0,
            },
          },
          Object {
            "id": "account.3c7b5e745d034bc39154aae2e9e435ad",
            "name": "Juicetice",
            "rosterId": "4f86f8c7-4e05-4300-963f-afc77c371fdd",
            "stats": Object {
              "DBNOs": 1,
              "kills": 0,
            },
          },
          Object {
            "id": "account.40de69aec95e49a499bacdb559272948",
            "name": "CHEDDA_DADDY1",
            "rosterId": "052dc0d9-ead1-46c5-97a5-431514f46501",
            "stats": Object {
              "DBNOs": 1,
              "kills": 0,
            },
          },
          Object {
            "id": "account.41252ec28a0c45a78e39c8e80b297a32",
            "name": "Robbweiler",
            "rosterId": "dd50f504-ea23-4fe7-93c0-bdff5ea8ff1a",
            "stats": Object {
              "DBNOs": 0,
              "kills": 0,
            },
          },
          Object {
            "id": "account.426a2442796347848c806973858a5397",
            "name": "HeroynBob",
            "rosterId": "955f2256-43c7-457a-ab9b-20994c28221b",
            "stats": Object {
              "DBNOs": 0,
              "kills": 0,
            },
          },
          Object {
            "id": "account.43f4d16a423c4031b2b02f23d763600c",
            "name": "MCm3m",
            "rosterId": "444e20e5-7df2-4619-a006-dba546064aa4",
            "stats": Object {
              "DBNOs": 1,
              "kills": 1,
            },
          },
          Object {
            "id": "account.44db6bfd6af945049619952e2d189cca",
            "name": "Papi_Chulo_",
            "rosterId": "5aff11c8-f6e9-4a93-83a1-960c281ed2f5",
            "stats": Object {
              "DBNOs": 2,
              "kills": 3,
            },
          },
          Object {
            "id": "account.48f70e1f99c34ac497be7056e9796441",
            "name": "pablotextoris",
            "rosterId": "870a93f1-6649-40c5-b6d1-14342bdcfa3e",
            "stats": Object {
              "DBNOs": 0,
              "kills": 0,
            },
          },
          Object {
            "id": "account.4a6e975192744858af449c2003fc0b25",
            "name": "cK84",
            "rosterId": "4d496a63-1c67-4284-ab9d-f87684d6ef71",
            "stats": Object {
              "DBNOs": 1,
              "kills": 1,
            },
          },
          Object {
            "id": "account.4a805a34e8f8451bb95769f2164cfef2",
            "name": "Bearsox",
            "rosterId": "37b96995-4516-4273-beda-5c922354d497",
            "stats": Object {
              "DBNOs": 3,
              "kills": 3,
            },
          },
          Object {
            "id": "account.4ac1d903957e4d668a8a79066d471eed",
            "name": "SHlTonmeplz",
            "rosterId": "2fe9a19f-c896-4409-a45c-2ff4c7cfb009",
            "stats": Object {
              "DBNOs": 1,
              "kills": 0,
            },
          },
          Object {
            "id": "account.4b5dd6826c8f466d9aa9d6f67eb9ad18",
            "name": "KINGofTRAP",
            "rosterId": "05ca2148-86e6-4127-adf8-48812580799f",
            "stats": Object {
              "DBNOs": 2,
              "kills": 2,
            },
          },
          Object {
            "id": "account.4c29eeb4c77b492dadade09a7ec8b4ef",
            "name": "LowmanBeast",
            "rosterId": "a47d1b52-5250-431a-8d6a-a4498a74de06",
            "stats": Object {
              "DBNOs": 0,
              "kills": 0,
            },
          },
          Object {
            "id": "account.50f53c87807c4ebba124901ea0c41c71",
            "name": "UNOBerry",
            "rosterId": "f01495bb-ec8a-459a-9374-0f57903dfd1f",
            "stats": Object {
              "DBNOs": 2,
              "kills": 3,
            },
          },
          Object {
            "id": "account.53a2e76c43a943ad957dc58e3b5d4843",
            "name": "Pinsent",
            "rosterId": "f782b764-29df-490b-abaa-94482bc19750",
            "stats": Object {
              "DBNOs": 0,
              "kills": 2,
            },
          },
          Object {
            "id": "account.54f4745b08bd4a7cb997a9070655b5f6",
            "name": "Stank_Lord",
            "rosterId": "88787bdc-8ad4-4954-ba07-18bae1fc3b84",
            "stats": Object {
              "DBNOs": 0,
              "kills": 0,
            },
          },
          Object {
            "id": "account.5639d75d8a3048409216f36326aa1837",
            "name": "OMEEZY914",
            "rosterId": "7d6bdd7c-5bc2-4dd6-aff2-b79ac8def971",
            "stats": Object {
              "DBNOs": 2,
              "kills": 2,
            },
          },
          Object {
            "id": "account.5d3e31c980b1433cbb4a30ab33c9b48f",
            "name": "grindstone11",
            "rosterId": "fc7c73fd-53b9-4ad2-9632-8919f21e16f7",
            "stats": Object {
              "DBNOs": 0,
              "kills": 0,
            },
          },
          Object {
            "id": "account.61e2a960de554951a30c7d57e4543456",
            "name": "FrenchFry3z",
            "rosterId": "005530a8-b9c8-4fe0-b4bb-4481ed6aee52",
            "stats": Object {
              "DBNOs": 2,
              "kills": 1,
            },
          },
          Object {
            "id": "account.631617baced8439db9e70158f1133f6a",
            "name": "Steeluh",
            "rosterId": "b210e6df-2d52-4f2a-a3ca-818473d8607d",
            "stats": Object {
              "DBNOs": 1,
              "kills": 0,
            },
          },
          Object {
            "id": "account.65fee1a79dcf4436aa3d03df19b04bdf",
            "name": "LUCIPHER666",
            "rosterId": "cae020de-d5ec-43ae-973d-e78e44c17c8e",
            "stats": Object {
              "DBNOs": 1,
              "kills": 1,
            },
          },
          Object {
            "id": "account.6968eef6b4a044f9b7b515fa2a174ad8",
            "name": "Wyrda2u",
            "rosterId": "870a93f1-6649-40c5-b6d1-14342bdcfa3e",
            "stats": Object {
              "DBNOs": 0,
              "kills": 0,
            },
          },
          Object {
            "id": "account.6f145d28c5d24a1995f109d621fe4114",
            "name": "MrEarlyAcess",
            "rosterId": "7d25e064-04c0-49ce-b55a-ef6a28e924b3",
            "stats": Object {
              "DBNOs": 0,
              "kills": 0,
            },
          },
          Object {
            "id": "account.705fc03238ad4f719811d5c1dc759a9c",
            "name": "BlGMario",
            "rosterId": "4380ebc4-c888-42a4-8c54-ac06e74cbede",
            "stats": Object {
              "DBNOs": 0,
              "kills": 1,
            },
          },
          Object {
            "id": "account.76b09b4c6432406dbaf3e266f44366ca",
            "name": "SITHLORDRID",
            "rosterId": "32ad28bd-3ae6-4eec-a34a-05d558c52fb2",
            "stats": Object {
              "DBNOs": 0,
              "kills": 0,
            },
          },
          Object {
            "id": "account.775f336a51be40e88902fef7ac4d83fc",
            "name": "ZsiaN",
            "rosterId": "972a8f37-8d7a-4b17-8cba-7c0418ce9ca1",
            "stats": Object {
              "DBNOs": 3,
              "kills": 5,
            },
          },
          Object {
            "id": "account.7b113e161b054cb79a2d46bdcd79863d",
            "name": "RucaSenpai",
            "rosterId": "3d1762e7-ba2e-4dae-a043-0460e17062aa",
            "stats": Object {
              "DBNOs": 0,
              "kills": 1,
            },
          },
          Object {
            "id": "account.7d8f47b46872427ea65d011d774ae74e",
            "name": "zVeRBaLAbuSe",
            "rosterId": "83941e30-a8ee-486b-b53f-bd19dc57991c",
            "stats": Object {
              "DBNOs": 1,
              "kills": 0,
            },
          },
          Object {
            "id": "account.89d985291c74466c9bd8437f0cf235b7",
            "name": "Rockstar4L",
            "rosterId": "d30a589c-3fa1-42a3-9938-0860b62ca46c",
            "stats": Object {
              "DBNOs": 1,
              "kills": 1,
            },
          },
          Object {
            "id": "account.8a607a9e25ea4b6385fca44bfaa1c98a",
            "name": "AGorski",
            "rosterId": "2e79fd66-731c-4ef4-88b9-71e10ee62b8e",
            "stats": Object {
              "DBNOs": 0,
              "kills": 0,
            },
          },
          Object {
            "id": "account.8a8de7acd7814f9b9a6de849d206e3f2",
            "name": "xdip89x",
            "rosterId": "f2036ebb-9ffa-49a0-a4a7-bc52d9e166fe",
            "stats": Object {
              "DBNOs": 1,
              "kills": 0,
            },
          },
          Object {
            "id": "account.8b1f81dc7de745bb98eab9e4c38f53e6",
            "name": "PATURR94",
            "rosterId": "d8bbadc2-1ef7-4bda-95b1-0d4c03a04ba3",
            "stats": Object {
              "DBNOs": 1,
              "kills": 0,
            },
          },
          Object {
            "id": "account.8c79b909476444ca94484251f930278a",
            "name": "AC130VETERAN",
            "rosterId": "f59d0fae-6670-459e-a518-fe7363d6c80b",
            "stats": Object {
              "DBNOs": 2,
              "kills": 4,
            },
          },
          Object {
            "id": "account.95f589d2b274412bb0122750ea8debc0",
            "name": "DrDisRespect",
            "rosterId": "46c6b73e-c99f-442e-a64e-61ac01ebd796",
            "stats": Object {
              "DBNOs": 1,
              "kills": 0,
            },
          },
          Object {
            "id": "account.97d053572393495f975005fc53e27c71",
            "name": "deadrabbits306",
            "rosterId": "cae020de-d5ec-43ae-973d-e78e44c17c8e",
            "stats": Object {
              "DBNOs": 0,
              "kills": 1,
            },
          },
          Object {
            "id": "account.9ec809e5350e499687c9b248bd904712",
            "name": "zZombieBatman",
            "rosterId": "f2036ebb-9ffa-49a0-a4a7-bc52d9e166fe",
            "stats": Object {
              "DBNOs": 0,
              "kills": 0,
            },
          },
          Object {
            "id": "account.a156ee52722149ce993de5ae5e0a6235",
            "name": "ghettobird789",
            "rosterId": "394d9e19-f3ee-4bfd-9719-cb09037b2add",
            "stats": Object {
              "DBNOs": 0,
              "kills": 0,
            },
          },
          Object {
            "id": "account.a36bed11ed214557b0ddef9ef1a56d07",
            "name": "BreaK",
            "rosterId": "46c6b73e-c99f-442e-a64e-61ac01ebd796",
            "stats": Object {
              "DBNOs": 1,
              "kills": 2,
            },
          },
          Object {
            "id": "account.a5209779f65f428e884748aa7cbefc8d",
            "name": "Huey20",
            "rosterId": "444e20e5-7df2-4619-a006-dba546064aa4",
            "stats": Object {
              "DBNOs": 0,
              "kills": 0,
            },
          },
          Object {
            "id": "account.a528d7fb4d0e4f64b762d24e4be6150f",
            "name": "COOLHANDLUKE101",
            "rosterId": "d8bbadc2-1ef7-4bda-95b1-0d4c03a04ba3",
            "stats": Object {
              "DBNOs": 0,
              "kills": 0,
            },
          },
          Object {
            "id": "account.a7d707afa72d4b9daaa06441fa6c1d6c",
            "name": "DeCSeLL",
            "rosterId": "6627547a-53eb-4d7e-9a96-0c297b21fd53",
            "stats": Object {
              "DBNOs": 1,
              "kills": 0,
            },
          },
          Object {
            "id": "account.ac40246e3b38466681780b1d3caa0ff2",
            "name": "Kaidoraid",
            "rosterId": "b210e6df-2d52-4f2a-a3ca-818473d8607d",
            "stats": Object {
              "DBNOs": 1,
              "kills": 3,
            },
          },
          Object {
            "id": "account.af7c7f9ac30d4d8fa0bae0ce7d634a92",
            "name": "CrypticMunnin",
            "rosterId": "394d9e19-f3ee-4bfd-9719-cb09037b2add",
            "stats": Object {
              "DBNOs": 2,
              "kills": 3,
            },
          },
          Object {
            "id": "account.b2f636673e2e44e2a728fe19ae30e875",
            "name": "Sqweed1934",
            "rosterId": "0ca9b7c4-20be-4282-9c57-4da6d3f1b903",
            "stats": Object {
              "DBNOs": 1,
              "kills": 0,
            },
          },
          Object {
            "id": "account.b321dfe3681a4f518a7e084082b2d46c",
            "name": "ImJustBeast",
            "rosterId": "2e79fd66-731c-4ef4-88b9-71e10ee62b8e",
            "stats": Object {
              "DBNOs": 1,
              "kills": 0,
            },
          },
          Object {
            "id": "account.b41b74fd708a47b2b2d903f4619c52ba",
            "name": "SmoNks",
            "rosterId": "6627547a-53eb-4d7e-9a96-0c297b21fd53",
            "stats": Object {
              "DBNOs": 0,
              "kills": 0,
            },
          },
          Object {
            "id": "account.b5655a8fc4ff429a988c973aff588d8e",
            "name": "CarlSnydermanIII",
            "rosterId": "0b2deec2-7f58-4b1e-9ffe-102b077fda61",
            "stats": Object {
              "DBNOs": 0,
              "kills": 0,
            },
          },
          Object {
            "id": "account.bd625e9a8eb64a269b3cf25b0ba3657c",
            "name": "Happyhouse",
            "rosterId": "f782b764-29df-490b-abaa-94482bc19750",
            "stats": Object {
              "DBNOs": 0,
              "kills": 3,
            },
          },
          Object {
            "id": "account.bdfd72fd600d47418315bc4d39ebf8b0",
            "name": "xX_Mustafa_Xx",
            "rosterId": "dd50f504-ea23-4fe7-93c0-bdff5ea8ff1a",
            "stats": Object {
              "DBNOs": 0,
              "kills": 0,
            },
          },
          Object {
            "id": "account.be05d335dc4c43a481a3bd0d9bcef1ea",
            "name": "MooreGrip",
            "rosterId": "01eb2f0e-2acf-4b1f-9502-99c7d63ef392",
            "stats": Object {
              "DBNOs": 0,
              "kills": 0,
            },
          },
          Object {
            "id": "account.be28474df8564bb5bc3202e9c03e4467",
            "name": "aliensarecool",
            "rosterId": "0b2deec2-7f58-4b1e-9ffe-102b077fda61",
            "stats": Object {
              "DBNOs": 0,
              "kills": 1,
            },
          },
          Object {
            "id": "account.beaa797c8189426cb626b2c840e64d94",
            "name": "ijohnhickey",
            "rosterId": "d203c4c1-6c9c-4a8e-95bc-d85383f7491e",
            "stats": Object {
              "DBNOs": 2,
              "kills": 2,
            },
          },
          Object {
            "id": "account.bed848a3f249472fb74da03064aaa9f9",
            "name": "saucyamputee",
            "rosterId": "88787bdc-8ad4-4954-ba07-18bae1fc3b84",
            "stats": Object {
              "DBNOs": 0,
              "kills": 0,
            },
          },
          Object {
            "id": "account.bf8a290106c34289afbb68431bf0d950",
            "name": "TheRealSwimShady",
            "rosterId": "b1ff2898-8cac-4a3a-89fd-9825a03e0beb",
            "stats": Object {
              "DBNOs": 0,
              "kills": 0,
            },
          },
          Object {
            "id": "account.c26ba0c5552a4ae9bed0cd5c1f1adb98",
            "name": "IceKik",
            "rosterId": "5aff11c8-f6e9-4a93-83a1-960c281ed2f5",
            "stats": Object {
              "DBNOs": 0,
              "kills": 2,
            },
          },
          Object {
            "id": "account.c41ccca92f45421ca423511d8060014b",
            "name": "WickedSpyre",
            "rosterId": "0ca9b7c4-20be-4282-9c57-4da6d3f1b903",
            "stats": Object {
              "DBNOs": 0,
              "kills": 0,
            },
          },
          Object {
            "id": "account.c9d9fa20598445c6991dc9e17ee0fb65",
            "name": "El-sabroso25",
            "rosterId": "474f43ba-b45f-4dc2-9124-26f28c9843b3",
            "stats": Object {
              "DBNOs": 0,
              "kills": 0,
            },
          },
          Object {
            "id": "account.caa89af9fe8642948a14335d0bfa0501",
            "name": "Slong-wong",
            "rosterId": "32ad28bd-3ae6-4eec-a34a-05d558c52fb2",
            "stats": Object {
              "DBNOs": 0,
              "kills": 0,
            },
          },
          Object {
            "id": "account.cab1a687a8e3404c96c11cdd755509ec",
            "name": "OwnStar_ca",
            "rosterId": "6f3e8fc9-af4f-4705-88c4-6c0a1537c656",
            "stats": Object {
              "DBNOs": 1,
              "kills": 1,
            },
          },
          Object {
            "id": "account.cadbd07e0be647578c7890c46b4e8851",
            "name": "Hmudda",
            "rosterId": "ef8f2e8c-c851-4735-be47-35a0a661ad5e",
            "stats": Object {
              "DBNOs": 0,
              "kills": 0,
            },
          },
          Object {
            "id": "account.cbd6dc1c643d4e0faff19b2231a10bab",
            "name": "BRJONES92",
            "rosterId": "e755882b-8ef5-479d-a5cf-1d55114cc458",
            "stats": Object {
              "DBNOs": 2,
              "kills": 7,
            },
          },
          Object {
            "id": "account.cd6ab17aecfa472caab22d29e4bcbbe9",
            "name": "lorne-malvo",
            "rosterId": "7c7d5cbf-26ea-48c7-a82f-b46c1e95ef38",
            "stats": Object {
              "DBNOs": 0,
              "kills": 0,
            },
          },
          Object {
            "id": "account.d12a8d3fd5c64a35b22d56e95c6df5c3",
            "name": "Cpt-Gsp",
            "rosterId": "6f3e8fc9-af4f-4705-88c4-6c0a1537c656",
            "stats": Object {
              "DBNOs": 0,
              "kills": 1,
            },
          },
          Object {
            "id": "account.d3c36d1a8ffa4f7eab5569873c64e382",
            "name": "SalomonGrundy",
            "rosterId": "f01495bb-ec8a-459a-9374-0f57903dfd1f",
            "stats": Object {
              "DBNOs": 0,
              "kills": 1,
            },
          },
          Object {
            "id": "account.dbd8db1ff15a4659ab2e2ba19b6e7e18",
            "name": "Uncave1",
            "rosterId": "f59d0fae-6670-459e-a518-fe7363d6c80b",
            "stats": Object {
              "DBNOs": 0,
              "kills": 0,
            },
          },
          Object {
            "id": "account.e09eb1f4ebc442788ea54f4b380cafc3",
            "name": "ChalAL",
            "rosterId": "4380ebc4-c888-42a4-8c54-ac06e74cbede",
            "stats": Object {
              "DBNOs": 0,
              "kills": 3,
            },
          },
          Object {
            "id": "account.e1c6826533bc4200859a635f81c6c946",
            "name": "Duzela",
            "rosterId": "18397c64-4869-4785-9753-d356b25c9bb6",
            "stats": Object {
              "DBNOs": 1,
              "kills": 0,
            },
          },
          Object {
            "id": "account.e2aab42ec66149ef8e985395596144a2",
            "name": "johnyb0223",
            "rosterId": "955f2256-43c7-457a-ab9b-20994c28221b",
            "stats": Object {
              "DBNOs": 0,
              "kills": 0,
            },
          },
          Object {
            "id": "account.e403e1472bff4b6bb1614bc4e8f526f0",
            "name": "Cloud2097",
            "rosterId": "f1539547-9970-4e0b-901d-02d48be10067",
            "stats": Object {
              "DBNOs": 0,
              "kills": 0,
            },
          },
          Object {
            "id": "account.e41f5fd7a37e44cb932b07947de76f5b",
            "name": "Pableaux",
            "rosterId": "bb409cb3-61c6-4979-beae-0a5c52f8a494",
            "stats": Object {
              "DBNOs": 0,
              "kills": 0,
            },
          },
          Object {
            "id": "account.e8043fb2c6704fd080e08efc0e622094",
            "name": "PatronOfChaos",
            "rosterId": "83941e30-a8ee-486b-b53f-bd19dc57991c",
            "stats": Object {
              "DBNOs": 0,
              "kills": 0,
            },
          },
          Object {
            "id": "account.e8aeb182a92e4859807cd06c65c29fb2",
            "name": "cartatech",
            "rosterId": "07be4777-13db-42b7-9519-59124e03477d",
            "stats": Object {
              "DBNOs": 1,
              "kills": 1,
            },
          },
          Object {
            "id": "account.ea6c5a19b3cb48858dcb8fec097a782c",
            "name": "miz47",
            "rosterId": "052dc0d9-ead1-46c5-97a5-431514f46501",
            "stats": Object {
              "DBNOs": 0,
              "kills": 0,
            },
          },
          Object {
            "id": "account.ea9ddc2d381b4cf69b101cc56a6ecfd7",
            "name": "Phosphoric",
            "rosterId": "4f86f8c7-4e05-4300-963f-afc77c371fdd",
            "stats": Object {
              "DBNOs": 0,
              "kills": 0,
            },
          },
          Object {
            "id": "account.edc52cd64f5849b89118e5579c7abdea",
            "name": "Szpyrka",
            "rosterId": "37b96995-4516-4273-beda-5c922354d497",
            "stats": Object {
              "DBNOs": 2,
              "kills": 9,
            },
          },
          Object {
            "id": "account.eff354da4d404a79a38accf63df9a5c5",
            "name": "Rock_Quarry",
            "rosterId": "bb409cb3-61c6-4979-beae-0a5c52f8a494",
            "stats": Object {
              "DBNOs": 1,
              "kills": 2,
            },
          },
          Object {
            "id": "account.f0d6f45171ed4f329b62dff304c2f82b",
            "name": "TheeOGLord",
            "rosterId": "05ca2148-86e6-4127-adf8-48812580799f",
            "stats": Object {
              "DBNOs": 0,
              "kills": 0,
            },
          },
          Object {
            "id": "account.fc65c2fa2aa643e285d231230f0e7411",
            "name": "MILDFIREZ",
            "rosterId": "e755882b-8ef5-479d-a5cf-1d55114cc458",
            "stats": Object {
              "DBNOs": 2,
              "kills": 2,
            },
          },
          Object {
            "id": "account.fe016417bffd4562b3ab71c0c67af49a",
            "name": "Stezlaki",
            "rosterId": "d30a589c-3fa1-42a3-9938-0860b62ca46c",
            "stats": Object {
              "DBNOs": 1,
              "kills": 1,
            },
          },
        ],
        "telemetryUrl": "https://telemetry-cdn.playbattlegrounds.com/bluehole-pubg/pc-na/2018/05/17/00/32/b9cfd3a0-5969-11e8-a5bd-0a58647f9b0b-telemetry.json",
      },
    },
  },
  "statusCode": 200,
}
`;

exports[`model :: Player and Match retrieves new players from the PUBG api 1`] = `
Object {
  "result": Object {
    "data": Object {
      "player": Object {
        "id": "account.a36bed11ed214557b0ddef9ef1a56d07",
        "matches": Array [
          Object {
            "id": "84c27837-cf64-4588-8093-dbff07d6efa8",
          },
          Object {
            "id": "7e33af12-4bb0-4963-8ba2-2b62b45fc2f7",
          },
          Object {
            "id": "cae0f6d6-5328-43c8-9912-ff4d73390113",
          },
          Object {
            "id": "855ca76d-42ca-4860-ad46-692e2ae89f38",
          },
          Object {
            "id": "4d75956b-9110-420c-bd92-17d1eb359b39",
          },
          Object {
            "id": "07aceaa8-8c20-49ca-b523-6a8bd4e13524",
          },
          Object {
            "id": "201648ad-8d5a-4794-ae14-f7f4fb473ddf",
          },
          Object {
            "id": "05bab6df-0ab8-4358-87c9-409ee8f927ec",
          },
          Object {
            "id": "66b6866a-2fb7-4474-924e-3ee8c976e889",
          },
          Object {
            "id": "e4c477a8-640c-4912-8925-e0342bb5e8d1",
          },
          Object {
            "id": "db84024a-0078-4a2e-a40f-a9996d1dab64",
          },
          Object {
            "id": "7996fc51-bc51-4d72-92f5-0bb0d404484e",
          },
          Object {
            "id": "328effd5-5eb1-46b2-af3c-be32ffdbe369",
          },
        ],
        "name": "BreaK",
      },
    },
  },
  "statusCode": 200,
}
`;
