// Jest Snapshot v1, https://goo.gl/fbAQLP

exports[`model :: Player and Match retrieves match data from the PUBG api 1`] = `
Object {
  "result": Object {
    "data": Object {
      "match": Object {
        "durationSeconds": 1884,
        "gameMode": "squad-fpp",
        "id": "6292a2b4-35aa-491d-9ea1-5add90105032",
        "mapName": "Erangel_Main",
        "playedAt": "Mon May 07 2018 02:52:02 GMT-0500 (CDT)",
        "telemetryUrl": "https://telemetry-cdn.playbattlegrounds.com/bluehole-pubg/pc-na/2018/05/07/03/24/317b34d5-51a6-11e8-a560-0a5864795a0f-telemetry.json",
      },
    },
  },
  "statusCode": 200,
}
`;

exports[`model :: Player and Match retrieves new players from the PUBG api 1`] = `
Object {
  "result": Object {
    "data": Object {
      "player": Object {
        "id": "account.2bd7a66c1b5b4b25a18ee20f64f733b7",
        "matches": Array [
          Object {
            "id": "fc862812-234c-47fb-af59-00763600ffcf",
          },
          Object {
            "id": "9bca3414-d17a-4e42-86e0-1884afd5e127",
          },
          Object {
            "id": "6292a2b4-35aa-491d-9ea1-5add90105032",
          },
          Object {
            "id": "8623e139-dcdd-4be2-8722-1078ad3c5222",
          },
          Object {
            "id": "3bd412ee-c98d-46a6-8d50-e29ae2364d5d",
          },
          Object {
            "id": "8aa1d711-8cdc-4985-9b77-6612cd64990e",
          },
        ],
        "name": "BOT_Andre",
      },
    },
  },
  "statusCode": 200,
}
`;
